Traceback (most recent call last):
  File "C:\Users\mappattiro\kal\kal\Lib\site-packages\jupyter_cache\executors\utils.py", line 58, in single_nb_execution
    executenb(
    ~~~~~~~~~^
        nb,
        ^^^
    ...<4 lines>...
        **kwargs,
        ^^^^^^^^^
    )
    ^
  File "C:\Users\mappattiro\kal\kal\Lib\site-packages\nbclient\client.py", line 1323, in execute
    return NotebookClient(nb=nb, resources=resources, km=km, **kwargs).execute()
           ~~~~~~~~~~~~~~~~~~~~~~~~~~~~~~~~~~~~~~~~~~~~~~~~~~~~~~~~~~~~~~~~~~~^^
  File "C:\Users\mappattiro\kal\kal\Lib\site-packages\jupyter_core\utils\__init__.py", line 165, in wrapped
    return loop.run_until_complete(inner)
           ~~~~~~~~~~~~~~~~~~~~~~~^^^^^^^
  File "C:\Users\mappattiro\AppData\Local\Programs\Python\Python313\Lib\asyncio\base_events.py", line 719, in run_until_complete
    return future.result()
           ~~~~~~~~~~~~~^^
  File "C:\Users\mappattiro\kal\kal\Lib\site-packages\nbclient\client.py", line 709, in async_execute
    await self.async_execute_cell(
        cell, index, execution_count=self.code_cells_executed + 1
    )
  File "C:\Users\mappattiro\kal\kal\Lib\site-packages\nbclient\client.py", line 1062, in async_execute_cell
    await self._check_raise_for_error(cell, cell_index, exec_reply)
  File "C:\Users\mappattiro\kal\kal\Lib\site-packages\nbclient\client.py", line 918, in _check_raise_for_error
    raise CellExecutionError.from_cell_and_msg(cell, exec_reply_content)
nbclient.exceptions.CellExecutionError: An error occurred while executing the following cell:
------------------
# 1. INSPEKSI TABEL BUKU (Books.csv)
print("=== A. SKEMA & STRUKTUR TABEL BUKU ===")
print("Jumlah Baris & Kolom:", books.shape)
display(books.head(2))
print("\nTipe Data Kolom Buku:\n", books.dtypes)

# 2. INSPEKSI TABEL RATING (Ratings.csv)
print("\n=== B. SKEMA & STRUKTUR TABEL RATING ===")
print("Jumlah Baris & Kolom:", ratings.shape)
display(ratings.head(2))

# 3. INSPEKSI TABEL PENGGUNA (Users.csv)
print("\n=== C. SKEMA & STRUKTUR TABEL PENGGUNA ===")
print("Jumlah Baris & Kolom:", users.shape)
display(users.head(2))
------------------

----- stdout -----
=== A. SKEMA & STRUKTUR TABEL BUKU ===
------------------

[31m---------------------------------------------------------------------------[39m
[31mNameError[39m                                 Traceback (most recent call last)
[36mCell[39m[36m [39m[32mIn[1][39m[32m, line 3[39m
[32m      1[39m [38;5;66;03m# 1. INSPEKSI TABEL BUKU (Books.csv)[39;00m
[32m      2[39m [38;5;28mprint[39m([33m"[39m[33m=== A. SKEMA & STRUKTUR TABEL BUKU ===[39m[33m"[39m)
[32m----> [39m[32m3[39m [38;5;28mprint[39m([33m"[39m[33mJumlah Baris & Kolom:[39m[33m"[39m, [43mbooks[49m.shape)
[32m      4[39m display(books.head([32m2[39m))
[32m      5[39m [38;5;28mprint[39m([33m"[39m[38;5;130;01m\n[39;00m[33mTipe Data Kolom Buku:[39m[38;5;130;01m\n[39;00m[33m"[39m, books.dtypes)

[31mNameError[39m: name 'books' is not defined

